> Task :compileJava NO-SOURCE
> Task :processResources NO-SOURCE
> Task :classes UP-TO-DATE
> Task :compileTestJava NO-SOURCE
> Task :processTestResources NO-SOURCE
> Task :testClasses UP-TO-DATE
> Task :test NO-SOURCE
> Task :auth:compileJava UP-TO-DATE
> Task :auth:processResources UP-TO-DATE
> Task :auth:classes UP-TO-DATE
> Task :auth:compileTestJava UP-TO-DATE
> Task :auth:processTestResources UP-TO-DATE
> Task :auth:testClasses UP-TO-DATE
OpenJDK 64-Bit Server VM warning: Sharing is only supported for boot loader classes because bootstrap classpath has been appended

> Task :auth:test

RateLimitingFilterTest > Deve bloquear requisi├º├Áes que excedem o limite FAILED
    org.opentest4j.AssertionFailedError at RateLimitingFilterTest.java:72

64 tests completed, 1 failed

> Task :auth:test FAILED

FAILURE: Build failed with an exception.

* What went wrong:
Execution failed for task ':auth:test'.
> There were failing tests. See the report at: file:///C:/Users/vinicius/Desktop/spring-jwt-auth/backend/auth/build/reports/tests/test/index.html

* Try:
> Run with --scan to get full insights from a Build Scan (powered by Develocity).

BUILD FAILED in 13s
5 actionable tasks: 1 executed, 4 up-to-date
